91393D1117
8428050407
AF802FEF87
AFEE817F87
AFFFAEFFC3
813FAFD516
842BABFF87
A940001107
80382EC007
EC6C47D6C7

0,0
9,9
SSSSSSEESEEEESEESE